\BOOKMARK [1][-]{section.1}{\376\377\000O\000v\000e\000r\000v\000i\000e\000w}{}% 1
\BOOKMARK [1][-]{section.2}{\376\377\000S\000p\000a\000t\000i\000a\000l\000\040\000R\000e\000p\000r\000e\000s\000e\000n\000t\000a\000t\000i\000o\000n\000\040\000o\000f\000\040\000B\000i\000n\000d\000i\000n\000g}{}% 2
\BOOKMARK [1][-]{section.3}{\376\377\000R\000e\000a\000c\000t\000i\000o\000n\000\040\000V\000o\000l\000u\000m\000e}{}% 3
\BOOKMARK [1][-]{section.4}{\376\377\000C\000o\000n\000c\000e\000n\000t\000r\000a\000t\000i\000o\000n\000\040\000R\000e\000p\000r\000e\000s\000e\000n\000t\000e\000d\000\040\000b\000y\000\040\000O\000n\000e\000\040\000T\000a\000r\000g\000e\000t\000\040\000M\000o\000l\000e\000c\000u\000l\000e}{}% 4
\BOOKMARK [1][-]{section.5}{\376\377\000B\000i\000n\000d\000i\000n\000g\000\040\000P\000r\000o\000b\000a\000b\000i\000l\000i\000t\000y\000\040\000f\000o\000r\000\040\000O\000n\000e\000\040\000A\000v\000a\000i\000l\000a\000b\000l\000e\000\040\000R\000e\000c\000e\000p\000t\000o\000r}{}% 5
\BOOKMARK [1][-]{section.6}{\376\377\000M\000u\000l\000t\000i\000p\000l\000e\000\040\000R\000e\000c\000e\000p\000t\000o\000r\000s\000\040\000a\000t\000\040\000O\000n\000e\000\040\000L\000a\000t\000t\000i\000c\000e\000\040\000S\000i\000t\000e}{}% 6
\BOOKMARK [1][-]{section.7}{\376\377\000C\000o\000m\000p\000e\000t\000i\000t\000i\000o\000n\000\040\000B\000e\000t\000w\000e\000e\000n\000\040\000T\000a\000r\000g\000e\000t\000s}{}% 7
\BOOKMARK [1][-]{section.8}{\376\377\000U\000n\000b\000i\000n\000d\000i\000n\000g\000\040\000P\000r\000o\000b\000a\000b\000i\000l\000i\000t\000y}{}% 8
\BOOKMARK [1][-]{section.9}{\376\377\000P\000o\000s\000i\000t\000i\000o\000n\000\040\000o\000f\000\040\000a\000\040\000T\000a\000r\000g\000e\000t\000\040\000A\000f\000t\000e\000r\000\040\000D\000i\000s\000s\000o\000c\000i\000a\000t\000i\000o\000n}{}% 9
\BOOKMARK [1][-]{section.10}{\376\377\000R\000e\000b\000i\000n\000d\000i\000n\000g\000\040\000B\000e\000h\000a\000v\000i\000o\000r}{}% 10
\BOOKMARK [1][-]{section.11}{\376\377\000E\000v\000e\000n\000t\000\040\000O\000r\000d\000e\000r\000i\000n\000g\000\040\000W\000i\000t\000h\000i\000n\000\040\000a\000\040\000T\000i\000m\000e\000s\000t\000e\000p}{}% 11
\BOOKMARK [1][-]{section.12}{\376\377\000W\000e\000l\000l\000-\000M\000i\000x\000e\000d\000\040\000B\000i\000n\000d\000i\000n\000g\000\040\000T\000h\000e\000o\000r\000y}{}% 12
\BOOKMARK [1][-]{section.13}{\376\377\000W\000h\000y\000\040\000t\000h\000e\000\040\000L\000a\000t\000t\000i\000c\000e\000\040\000M\000o\000d\000e\000l\000\040\000M\000a\000y\000\040\000D\000e\000v\000i\000a\000t\000e\000\040\000f\000r\000o\000m\000\040\000L\000a\000n\000g\000m\000u\000i\000r\000\040\000T\000h\000e\000o\000r\000y}{}% 13
\BOOKMARK [2][-]{subsection.13.1}{\376\377\000D\000i\000f\000f\000u\000s\000i\000o\000n\000-\000L\000i\000m\000i\000t\000e\000d\000\040\000A\000s\000s\000o\000c\000i\000a\000t\000i\000o\000n}{section.13}% 14
\BOOKMARK [2][-]{subsection.13.2}{\376\377\000L\000o\000c\000a\000l\000\040\000T\000a\000r\000g\000e\000t\000\040\000D\000e\000p\000l\000e\000t\000i\000o\000n}{section.13}% 15
\BOOKMARK [2][-]{subsection.13.3}{\376\377\000R\000e\000b\000i\000n\000d\000i\000n\000g}{section.13}% 16
\BOOKMARK [2][-]{subsection.13.4}{\376\377\000F\000i\000n\000i\000t\000e\000\040\000R\000e\000c\000e\000p\000t\000o\000r\000\040\000D\000e\000n\000s\000i\000t\000y}{section.13}% 17
\BOOKMARK [2][-]{subsection.13.5}{\376\377\000F\000i\000n\000i\000t\000e\000\040\000G\000e\000o\000m\000e\000t\000r\000y\000\040\000a\000n\000d\000\040\000B\000o\000u\000n\000d\000a\000r\000y\000\040\000C\000o\000n\000d\000i\000t\000i\000o\000n\000s}{section.13}% 18
\BOOKMARK [2][-]{subsection.13.6}{\376\377\000D\000i\000s\000c\000r\000e\000t\000e\000\040\000S\000p\000a\000t\000i\000a\000l\000\040\000R\000e\000s\000o\000l\000u\000t\000i\000o\000n}{section.13}% 19
\BOOKMARK [1][-]{section.14}{\376\377\000D\000e\000p\000e\000n\000d\000e\000n\000c\000e\000\040\000o\000n\000\040\000L\000a\000t\000t\000i\000c\000e\000\040\000S\000p\000a\000c\000i\000n\000g}{}% 20
\BOOKMARK [1][-]{section.15}{\376\377\000D\000i\000m\000e\000n\000s\000i\000o\000n\000l\000e\000s\000s\000\040\000R\000e\000a\000c\000t\000i\000o\000n\000\040\000P\000a\000r\000a\000m\000e\000t\000e\000r\000s}{}% 21
