This is pdfTeX, Version 3.141592653-2.6-1.40.29 (TeX Live 2026) (preloaded format=pdflatex 2026.3.22)  28 JUL 2026 10:57
entering extended mode
 restricted \write18 enabled.
 file:line:error style messages enabled.
 %&-line parsing enabled.
**/Users/rynon/Documents/GitHub/SensorModeling/info/binding_behavior.tex
(/Users/rynon/Documents/GitHub/SensorModeling/info/binding_behavior.tex
LaTeX2e <2025-11-01>
L3 programming layer <2026-01-19>
(/usr/local/texlive/2026/texmf-dist/tex/latex/base/article.cls
Document Class: article 2025/01/22 v1.4n Standard LaTeX document class
(/usr/local/texlive/2026/texmf-dist/tex/latex/base/size11.clo
File: size11.clo 2025/01/22 v1.4n Standard LaTeX file (size option)
)
\c@part=\count275
\c@section=\count276
\c@subsection=\count277
\c@subsubsection=\count278
\c@paragraph=\count279
\c@subparagraph=\count280
\c@figure=\count281
\c@table=\count282
\abovecaptionskip=\skip49
\belowcaptionskip=\skip50
\bibindent=\dimen148
) (/usr/local/texlive/2026/texmf-dist/tex/latex/geometry/geometry.sty
Package: geometry 2026/03/07 v6.0 Page Geometry
 (/usr/local/texlive/2026/texmf-dist/tex/latex/graphics/keyval.sty
Package: keyval 2022/05/29 v1.15 key=value parser (DPC)
\KV@toks@=\toks17
) (/usr/local/texlive/2026/texmf-dist/tex/generic/iftex/ifvtex.sty
Package: ifvtex 2019/10/25 v1.7 ifvtex legacy package. Use iftex instead.
 (/usr/local/texlive/2026/texmf-dist/tex/generic/iftex/iftex.sty
Package: iftex 2024/12/12 v1.0g TeX engine tests
))
\Gm@cnth=\count283
\Gm@cntv=\count284
\c@Gm@tempcnt=\count285
\Gm@bindingoffset=\dimen149
\Gm@wd@mp=\dimen150
\Gm@odd@mp=\dimen151
\Gm@even@mp=\dimen152
\Gm@layoutwidth=\dimen153
\Gm@layoutheight=\dimen154
\Gm@layouthoffset=\dimen155
\Gm@layoutvoffset=\dimen156
\Gm@dimlist=\toks18
) (/usr/local/texlive/2026/texmf-dist/tex/latex/amsmath/amsmath.sty
Package: amsmath 2025/07/09 v2.17z AMS math features
\@mathmargin=\skip51

For additional information on amsmath, use the `?' option.
(/usr/local/texlive/2026/texmf-dist/tex/latex/amsmath/amstext.sty
Package: amstext 2024/11/17 v2.01 AMS text
 (/usr/local/texlive/2026/texmf-dist/tex/latex/amsmath/amsgen.sty
File: amsgen.sty 1999/11/30 v2.0 generic functions
\@emptytoks=\toks19
\ex@=\dimen157
)) (/usr/local/texlive/2026/texmf-dist/tex/latex/amsmath/amsbsy.sty
Package: amsbsy 1999/11/29 v1.2d Bold Symbols
\pmbraise@=\dimen158
) (/usr/local/texlive/2026/texmf-dist/tex/latex/amsmath/amsopn.sty
Package: amsopn 2022/04/08 v2.04 operator names
)
\inf@bad=\count286
LaTeX Info: Redefining \frac on input line 233.
\uproot@=\count287
\leftroot@=\count288
LaTeX Info: Redefining \overline on input line 398.
LaTeX Info: Redefining \colon on input line 409.
\classnum@=\count289
\DOTSCASE@=\count290
LaTeX Info: Redefining \ldots on input line 495.
LaTeX Info: Redefining \dots on input line 498.
LaTeX Info: Redefining \cdots on input line 619.
\Mathstrutbox@=\box53
\strutbox@=\box54
LaTeX Info: Redefining \big on input line 721.
LaTeX Info: Redefining \Big on input line 722.
LaTeX Info: Redefining \bigg on input line 723.
LaTeX Info: Redefining \Bigg on input line 724.
\big@size=\dimen159
LaTeX Font Info:    Redeclaring font encoding OML on input line 742.
LaTeX Font Info:    Redeclaring font encoding OMS on input line 743.
\macc@depth=\count291
LaTeX Info: Redefining \bmod on input line 904.
LaTeX Info: Redefining \pmod on input line 909.
LaTeX Info: Redefining \smash on input line 939.
LaTeX Info: Redefining \relbar on input line 969.
LaTeX Info: Redefining \Relbar on input line 970.
\c@MaxMatrixCols=\count292
\dotsspace@=\muskip17
\c@parentequation=\count293
\dspbrk@lvl=\count294
\tag@help=\toks20
\row@=\count295
\column@=\count296
\maxfields@=\count297
\andhelp@=\toks21
\eqnshift@=\dimen160
\alignsep@=\dimen161
\tagshift@=\dimen162
\tagwidth@=\dimen163
\totwidth@=\dimen164
\lineht@=\dimen165
\@envbody=\toks22
\multlinegap=\skip52
\multlinetaggap=\skip53
\mathdisplay@stack=\toks23
LaTeX Info: Redefining \[ on input line 2950.
LaTeX Info: Redefining \] on input line 2951.
) (/usr/local/texlive/2026/texmf-dist/tex/latex/amsfonts/amssymb.sty
Package: amssymb 2013/01/14 v3.01 AMS font symbols
 (/usr/local/texlive/2026/texmf-dist/tex/latex/amsfonts/amsfonts.sty
Package: amsfonts 2013/01/14 v3.01 Basic AMSFonts support
\symAMSa=\mathgroup4
\symAMSb=\mathgroup5
LaTeX Font Info:    Redeclaring math symbol \hbar on input line 98.
LaTeX Font Info:    Overwriting math alphabet `\mathfrak' in version `bold'
(Font)                  U/euf/m/n --> U/euf/b/n on input line 106.
)) (/usr/local/texlive/2026/texmf-dist/tex/latex/tools/bm.sty
Package: bm 2025/10/21 v1.2g Bold Symbol Support (DPC/FMi)
\symboldoperators=\mathgroup6
\symboldletters=\mathgroup7
\symboldsymbols=\mathgroup8
Package bm Info: No bold for \OMX/cmex/m/n, using \pmb.
Package bm Info: No bold for \U/msa/m/n, using \pmb.
Package bm Info: No bold for \U/msb/m/n, using \pmb.
LaTeX Font Info:    Redeclaring math alphabet \mathbf on input line 149.
) (/usr/local/texlive/2026/texmf-dist/tex/latex/siunitx/siunitx.sty
Package: siunitx 2025-07-09 v3.4.14 A comprehensive (SI) units package
\l__siunitx_number_uncert_offset_int=\count298
\l__siunitx_number_exponent_fixed_int=\count299
\l__siunitx_number_min_decimal_int=\count300
\l__siunitx_number_min_integer_int=\count301
\l__siunitx_number_round_precision_int=\count302
\l__siunitx_number_lower_threshold_int=\count303
\l__siunitx_number_upper_threshold_int=\count304
\l__siunitx_number_group_first_int=\count305
\l__siunitx_number_group_size_int=\count306
\l__siunitx_number_group_minimum_int=\count307
\l__siunitx_angle_tmp_dim=\dimen166
\l__siunitx_angle_marker_box=\box55
\l__siunitx_angle_unit_box=\box56
\l__siunitx_compound_count_int=\count308
 (/usr/local/texlive/2026/texmf-dist/tex/latex/translations/translations.sty
Package: translations 2022/02/05 v1.12 internationalization of LaTeX2e packages (CN)
 (/usr/local/texlive/2026/texmf-dist/tex/latex/etoolbox/etoolbox.sty
Package: etoolbox 2025/10/02 v2.5m e-TeX tools for LaTeX (JAW)
\etb@tempcnta=\count309
) (/usr/local/texlive/2026/texmf-dist/tex/generic/pdftexcmds/pdftexcmds.sty
Package: pdftexcmds 2020-06-27 v0.33 Utility functions of pdfTeX for LuaTeX (HO)
 (/usr/local/texlive/2026/texmf-dist/tex/generic/infwarerr/infwarerr.sty
Package: infwarerr 2019/12/03 v1.5 Providing info/warning/error messages (HO)
) (/usr/local/texlive/2026/texmf-dist/tex/generic/ltxcmds/ltxcmds.sty
Package: ltxcmds 2023-12-04 v1.26 LaTeX kernel commands for general use (HO)
)
Package pdftexcmds Info: \pdf@primitive is available.
Package pdftexcmds Info: \pdf@ifprimitive is available.
Package pdftexcmds Info: \pdfdraftmode found.
))
\l__siunitx_table_tmp_box=\box57
\l__siunitx_table_tmp_dim=\dimen167
\l__siunitx_table_column_width_dim=\dimen168
\l__siunitx_table_integer_box=\box58
\l__siunitx_table_decimal_box=\box59
\l__siunitx_table_uncert_box=\box60
\l__siunitx_table_before_box=\box61
\l__siunitx_table_after_box=\box62
\l__siunitx_table_before_dim=\dimen169
\l__siunitx_table_carry_dim=\dimen170
\l__siunitx_unit_tmp_int=\count310
\l__siunitx_unit_position_int=\count311
\l__siunitx_unit_total_int=\count312
 (/usr/local/texlive/2026/texmf-dist/tex/latex/tools/array.sty
Package: array 2025/09/25 v2.6n Tabular extension package (FMi)
\col@sep=\dimen171
\ar@mcellbox=\box63
\extrarowheight=\dimen172
\NC@list=\toks24
\extratabsurround=\skip54
\backup@length=\skip55
\ar@cellbox=\box64
)) (/usr/local/texlive/2026/texmf-dist/tex/latex/booktabs/booktabs.sty
Package: booktabs 2020/01/12 v1.61803398 Publication quality tables
\heavyrulewidth=\dimen173
\lightrulewidth=\dimen174
\cmidrulewidth=\dimen175
\belowrulesep=\dimen176
\belowbottomsep=\dimen177
\aboverulesep=\dimen178
\abovetopsep=\dimen179
\cmidrulesep=\dimen180
\cmidrulekern=\dimen181
\defaultaddspace=\dimen182
\@cmidla=\count313
\@cmidlb=\count314
\@aboverulesep=\dimen183
\@belowrulesep=\dimen184
\@thisruleclass=\count315
\@lastruleclass=\count316
\@thisrulewidth=\dimen185
) (/usr/local/texlive/2026/texmf-dist/tex/latex/microtype/microtype.sty
Package: microtype 2026/03/01 v3.2d Micro-typographical refinements (RS)
\MT@toks=\toks25
\MT@tempbox=\box65
\MT@count=\count317
LaTeX Info: Redefining \noprotrusionifhmode on input line 1084.
LaTeX Info: Redefining \leftprotrusion on input line 1085.
\MT@prot@toks=\toks26
LaTeX Info: Redefining \rightprotrusion on input line 1104.
LaTeX Info: Redefining \textls on input line 1449.
\MT@outer@kern=\dimen186
LaTeX Info: Redefining \microtypecontext on input line 2053.
LaTeX Info: Redefining \textmicrotypecontext on input line 2070.
\MT@listname@count=\count318
 (/usr/local/texlive/2026/texmf-dist/tex/latex/microtype/microtype-pdftex.def
File: microtype-pdftex.def 2026/03/01 v3.2d Definitions specific to pdftex (RS)
LaTeX Info: Redefining \lsstyle on input line 944.
LaTeX Info: Redefining \lslig on input line 944.
\MT@outer@space=\skip56
)
Package microtype Info: Loading configuration file microtype.cfg.
 (/usr/local/texlive/2026/texmf-dist/tex/latex/microtype/microtype.cfg
File: microtype.cfg 2026/03/01 v3.2d microtype main configuration file (RS)
)
LaTeX Info: Redefining \microtypesetup on input line 3065.
) (/usr/local/texlive/2026/texmf-dist/tex/latex/hyperref/hyperref.sty
Package: hyperref 2026-01-29 v7.01p Hypertext links for LaTeX
 (/usr/local/texlive/2026/texmf-dist/tex/latex/kvsetkeys/kvsetkeys.sty
Package: kvsetkeys 2022-10-05 v1.19 Key value parser (HO)
) (/usr/local/texlive/2026/texmf-dist/tex/generic/kvdefinekeys/kvdefinekeys.sty
Package: kvdefinekeys 2019-12-19 v1.6 Define keys (HO)
) (/usr/local/texlive/2026/texmf-dist/tex/generic/pdfescape/pdfescape.sty
Package: pdfescape 2019/12/09 v1.15 Implements pdfTeX's escape features (HO)
) (/usr/local/texlive/2026/texmf-dist/tex/latex/hycolor/hycolor.sty
Package: hycolor 2020-01-27 v1.10 Color options for hyperref/bookmark (HO)
) (/usr/local/texlive/2026/texmf-dist/tex/latex/hyperref/nameref.sty
Package: nameref 2026-01-29 v2.58 Cross-referencing by name of section
 (/usr/local/texlive/2026/texmf-dist/tex/latex/refcount/refcount.sty
Package: refcount 2019/12/15 v3.6 Data extraction from label references (HO)
) (/usr/local/texlive/2026/texmf-dist/tex/generic/gettitlestring/gettitlestring.sty
Package: gettitlestring 2019/12/15 v1.6 Cleanup title references (HO)
 (/usr/local/texlive/2026/texmf-dist/tex/latex/kvoptions/kvoptions.sty
Package: kvoptions 2022-06-15 v3.15 Key value format for package options (HO)
))
\c@section@level=\count319
) (/usr/local/texlive/2026/texmf-dist/tex/generic/stringenc/stringenc.sty
Package: stringenc 2019/11/29 v1.12 Convert strings between diff. encodings (HO)
)
\@linkdim=\dimen187
\Hy@linkcounter=\count320
\Hy@pagecounter=\count321
 (/usr/local/texlive/2026/texmf-dist/tex/latex/hyperref/pd1enc.def
File: pd1enc.def 2026-01-29 v7.01p Hyperref: PDFDocEncoding definition (HO)
Now handling font encoding PD1 ...
... no UTF-8 mapping file for font encoding PD1
) (/usr/local/texlive/2026/texmf-dist/tex/generic/intcalc/intcalc.sty
Package: intcalc 2019/12/15 v1.3 Expandable calculations with integers (HO)
)
\Hy@SavedSpaceFactor=\count322
 (/usr/local/texlive/2026/texmf-dist/tex/latex/hyperref/puenc.def
File: puenc.def 2026-01-29 v7.01p Hyperref: PDF Unicode definition (HO)
Now handling font encoding PU ...
... no UTF-8 mapping file for font encoding PU
)
Package hyperref Info: Hyper figures OFF on input line 4201.
Package hyperref Info: Link nesting OFF on input line 4206.
Package hyperref Info: Hyper index ON on input line 4209.
Package hyperref Info: Plain pages OFF on input line 4216.
Package hyperref Info: Backreferencing OFF on input line 4221.
Package hyperref Info: Implicit mode ON; LaTeX internals redefined.
Package hyperref Info: Bookmarks ON on input line 4468.
\c@Hy@tempcnt=\count323
 (/usr/local/texlive/2026/texmf-dist/tex/latex/url/url.sty
\Urlmuskip=\muskip18
Package: url 2013/09/16  ver 3.4  Verb mode for urls, etc.
)
LaTeX Info: Redefining \url on input line 4807.
\XeTeXLinkMargin=\dimen188
 (/usr/local/texlive/2026/texmf-dist/tex/generic/bitset/bitset.sty
Package: bitset 2019/12/09 v1.3 Handle bit-vector datatype (HO)
 (/usr/local/texlive/2026/texmf-dist/tex/generic/bigintcalc/bigintcalc.sty
Package: bigintcalc 2019/12/15 v1.5 Expandable calculations on big integers (HO)
))
\Fld@menulength=\count324
\Field@Width=\dimen189
\Fld@charsize=\dimen190
Package hyperref Info: Hyper figures OFF on input line 6084.
Package hyperref Info: Link nesting OFF on input line 6089.
Package hyperref Info: Hyper index ON on input line 6092.
Package hyperref Info: backreferencing OFF on input line 6099.
Package hyperref Info: Link coloring OFF on input line 6104.
Package hyperref Info: Link coloring with OCG OFF on input line 6109.
Package hyperref Info: PDF/A mode OFF on input line 6114.
\Hy@abspage=\count325
\c@Item=\count326
\c@Hfootnote=\count327
)
Package hyperref Info: Driver (autodetected): hpdftex.
 (/usr/local/texlive/2026/texmf-dist/tex/latex/hyperref/hpdftex.def
File: hpdftex.def 2026-01-29 v7.01p Hyperref driver for pdfTeX
\Fld@listcount=\count328
\c@bookmark@seq@number=\count329
 (/usr/local/texlive/2026/texmf-dist/tex/latex/rerunfilecheck/rerunfilecheck.sty
Package: rerunfilecheck 2025-06-21 v1.11 Rerun checks for auxiliary files (HO)
 (/usr/local/texlive/2026/texmf-dist/tex/generic/uniquecounter/uniquecounter.sty
Package: uniquecounter 2019/12/15 v1.4 Provide unlimited unique counter (HO)
)
Package uniquecounter Info: New unique counter `rerunfilecheck' on input line 284.
)
\Hy@SectionHShift=\skip57
)
Package translations Info: No language package found. I am going to use `english' as default language. on input line 16.
 (/usr/local/texlive/2026/texmf-dist/tex/latex/graphics/color.sty
Package: color 2025/01/14 v1.3e Standard LaTeX Color (DPC)
 (/usr/local/texlive/2026/texmf-dist/tex/latex/graphics-cfg/color.cfg
File: color.cfg 2016/01/02 v1.6 sample color configuration
)
Package color Info: Driver file: pdftex.def on input line 149.
 (/usr/local/texlive/2026/texmf-dist/tex/latex/graphics-def/pdftex.def
File: pdftex.def 2025/09/29 v1.2d Graphics/color driver for pdftex
) (/usr/local/texlive/2026/texmf-dist/tex/latex/graphics/mathcolor.ltx)) (/usr/local/texlive/2026/texmf-dist/tex/latex/l3backend/l3backend-pdftex.def
File: l3backend-pdftex.def 2025-10-09 L3 backend support: PDF output (pdfTeX)
\l__color_backend_stack_int=\count330
)
No file binding_behavior.aux.
\openout1 = `binding_behavior.aux'.

LaTeX Font Info:    Checking defaults for OML/cmm/m/it on input line 16.
LaTeX Font Info:    ... okay on input line 16.
LaTeX Font Info:    Checking defaults for OMS/cmsy/m/n on input line 16.
LaTeX Font Info:    ... okay on input line 16.
LaTeX Font Info:    Checking defaults for OT1/cmr/m/n on input line 16.
LaTeX Font Info:    ... okay on input line 16.
LaTeX Font Info:    Checking defaults for T1/cmr/m/n on input line 16.
LaTeX Font Info:    ... okay on input line 16.
LaTeX Font Info:    Checking defaults for TS1/cmr/m/n on input line 16.
LaTeX Font Info:    ... okay on input line 16.
LaTeX Font Info:    Checking defaults for OMX/cmex/m/n on input line 16.
LaTeX Font Info:    ... okay on input line 16.
LaTeX Font Info:    Checking defaults for U/cmr/m/n on input line 16.
LaTeX Font Info:    ... okay on input line 16.
LaTeX Font Info:    Checking defaults for PD1/pdf/m/n on input line 16.
LaTeX Font Info:    ... okay on input line 16.
LaTeX Font Info:    Checking defaults for PU/pdf/m/n on input line 16.
LaTeX Font Info:    ... okay on input line 16.
*geometry* driver: auto-detecting
*geometry* detected driver: pdftex
*geometry* verbose mode - [ preamble ] result:
* driver: pdftex
* paper: <default>
* layout: <same size as paper>
* layoutoffset:(h,v)=(0.0pt,0.0pt)
* modes: 
* h-part:(L,W,R)=(72.26999pt, 469.75502pt, 72.26999pt)
* v-part:(T,H,B)=(72.26999pt, 650.43001pt, 72.26999pt)
* \paperwidth=614.295pt
* \paperheight=794.96999pt
* \textwidth=469.75502pt
* \textheight=650.43001pt
* \oddsidemargin=0.0pt
* \evensidemargin=0.0pt
* \topmargin=-37.0pt
* \headheight=12.0pt
* \headsep=25.0pt
* \topskip=11.0pt
* \footskip=30.0pt
* \marginparwidth=59.0pt
* \marginparsep=10.0pt
* \columnsep=10.0pt
* \skip\footins=10.0pt plus 4.0pt minus 2.0pt
* \hoffset=0.0pt
* \voffset=0.0pt
* \mag=1000
* \@twocolumnfalse
* \@twosidefalse
* \@mparswitchfalse
* \@reversemarginfalse
* (1in=72.27pt=25.4mm, 1cm=28.453pt)

(/usr/local/texlive/2026/texmf-dist/tex/latex/translations/translations-basic-dictionary-english.trsl
File: translations-basic-dictionary-english.trsl (english translation file `translations-basic-dictionary')
)
Package translations Info: loading dictionary `translations-basic-dictionary' for `english'. on input line 16.
LaTeX Info: Redefining \microtypecontext on input line 16.
Package microtype Info: Applying patch `item' on input line 16.
Package microtype Info: Applying patch `toc' on input line 16.
Package microtype Info: Applying patch `eqnum' on input line 16.
Package microtype Info: Applying patch `footnote' on input line 16.
Package microtype Info: Applying patch `verbatim' on input line 16.
LaTeX Info: Redefining \microtypesetup on input line 16.
Package microtype Info: Generating PDF output.
Package microtype Info: Character protrusion enabled (level 2).
Package microtype Info: Using default protrusion set `alltext'.
Package microtype Info: Automatic font expansion enabled (level 2),
(microtype)             stretch: 20, shrink: 20, step: 1, non-selected.
Package microtype Info: Using default expansion set `alltext-nott'.
Package microtype Info: Patching command `\showhyphens'.
Package microtype Info: No adjustment of tracking.
Package microtype Info: No adjustment of interword spacing.
Package microtype Info: No adjustment of character kerning.
 (/usr/local/texlive/2026/texmf-dist/tex/latex/microtype/mt-cmr.cfg
File: mt-cmr.cfg 2013/05/19 v2.2 microtype config. file: Computer Modern Roman (RS)
)
Package hyperref Info: Link coloring OFF on input line 16.
\@outlinefile=\write3
\openout3 = `binding_behavior.out'.

 (/usr/local/texlive/2026/texmf-dist/tex/context/base/mkii/supp-pdf.mkii
[Loading MPS to PDF converter (version 2006.09.02).]
\scratchcounter=\count331
\scratchdimen=\dimen191
\scratchbox=\box66
\nofMPsegments=\count332
\nofMParguments=\count333
\everyMPshowfont=\toks27
\MPscratchCnt=\count334
\MPscratchDim=\dimen192
\MPnumerator=\count335
\makeMPintoPDFobject=\count336
\everyMPtoPDFconversion=\toks28
)
LaTeX Font Info:    Trying to load font information for U+msa on input line 19.
 (/usr/local/texlive/2026/texmf-dist/tex/latex/amsfonts/umsa.fd
File: umsa.fd 2013/01/14 v3.01 AMS symbols A
) (/usr/local/texlive/2026/texmf-dist/tex/latex/microtype/mt-msa.cfg
File: mt-msa.cfg 2006/02/04 v1.1 microtype config. file: AMS symbols (a) (RS)
)
LaTeX Font Info:    Trying to load font information for U+msb on input line 19.
 (/usr/local/texlive/2026/texmf-dist/tex/latex/amsfonts/umsb.fd
File: umsb.fd 2013/01/14 v3.01 AMS symbols B
) (/usr/local/texlive/2026/texmf-dist/tex/latex/microtype/mt-msb.cfg
File: mt-msb.cfg 2005/06/01 v1.0 microtype config. file: AMS symbols (b) (RS)
)
/Users/rynon/Documents/GitHub/SensorModeling/info/binding_behavior.tex:42: Undefined control sequence.
<argument> \per \molar 
                       \per \second 
l.42 \end{align}
                
The control sequence at the end of the top line
of your error message was never \def'ed. If you have
misspelled it (e.g., `\hobx'), type `I' and the correct
spelling (e.g., `I\hbox'). Otherwise just continue,
and I'll forget about whatever was undefined.

/Users/rynon/Documents/GitHub/SensorModeling/info/binding_behavior.tex:42: Undefined control sequence.
<argument> \per \molar 
                       \per \second 
l.42 \end{align}
                
The control sequence at the end of the top line
of your error message was never \def'ed. If you have
misspelled it (e.g., `\hobx'), type `I' and the correct
spelling (e.g., `I\hbox'). Otherwise just continue,
and I'll forget about whatever was undefined.


/Users/rynon/Documents/GitHub/SensorModeling/info/binding_behavior.tex:42: Package siunitx Error: Duplicate per part: \per.

For immediate help type H <return>.
 ...                                              
                                                  
l.42 \end{align}
                

Each unit may have only one per:
the additional per part '\per' will be ignored.


/Users/rynon/Documents/GitHub/SensorModeling/info/binding_behavior.tex:42: Undefined control sequence.
<argument> \per \molar 
                       \per \second 
l.42 \end{align}
                
The control sequence at the end of the top line
of your error message was never \def'ed. If you have
misspelled it (e.g., `\hobx'), type `I' and the correct
spelling (e.g., `I\hbox'). Otherwise just continue,
and I'll forget about whatever was undefined.

/Users/rynon/Documents/GitHub/SensorModeling/info/binding_behavior.tex:42: Undefined control sequence.
<argument> \per \molar 
                       \per \second 
l.42 \end{align}
                
The control sequence at the end of the top line
of your error message was never \def'ed. If you have
misspelled it (e.g., `\hobx'), type `I' and the correct
spelling (e.g., `I\hbox'). Otherwise just continue,
and I'll forget about whatever was undefined.


/Users/rynon/Documents/GitHub/SensorModeling/info/binding_behavior.tex:42: Package siunitx Error: Duplicate per part: \per.

For immediate help type H <return>.
 ...                                              
                                                  
l.42 \end{align}
                

Each unit may have only one per:
the additional per part '\per' will be ignored.


[1

{/usr/local/texlive/2026/texmf-var/fonts/map/pdftex/updmap/pdftex.map}]
/Users/rynon/Documents/GitHub/SensorModeling/info/binding_behavior.tex:94: Undefined control sequence.
<argument> \per \molar 
                       \per \second 
l.94 (\si{\per\molar\per\second}
                                ), the volume must be converted to liters:
The control sequence at the end of the top line
of your error message was never \def'ed. If you have
misspelled it (e.g., `\hobx'), type `I' and the correct
spelling (e.g., `I\hbox'). Otherwise just continue,
and I'll forget about whatever was undefined.

/Users/rynon/Documents/GitHub/SensorModeling/info/binding_behavior.tex:94: Undefined control sequence.
<argument> \per \molar 
                       \per \second 
l.94 (\si{\per\molar\per\second}
                                ), the volume must be converted to liters:
The control sequence at the end of the top line
of your error message was never \def'ed. If you have
misspelled it (e.g., `\hobx'), type `I' and the correct
spelling (e.g., `I\hbox'). Otherwise just continue,
and I'll forget about whatever was undefined.


/Users/rynon/Documents/GitHub/SensorModeling/info/binding_behavior.tex:94: Package siunitx Error: Duplicate per part: \per.

For immediate help type H <return>.
 ...                                              
                                                  
l.94 (\si{\per\molar\per\second}
                                ), the volume must be converted to liters:

Each unit may have only one per:
the additional per part '\per' will be ignored.


/Users/rynon/Documents/GitHub/SensorModeling/info/binding_behavior.tex:134: Missing $ inserted.
<inserted text> 
                $
l.134 ... target molecule in a reaction volume (V_
                                                  {\mathrm{rxn,L}}) correspo...
I've inserted a begin-math/end-math symbol since I think
you left one out. Proceed, with fingers crossed.

/Users/rynon/Documents/GitHub/SensorModeling/info/binding_behavior.tex:135: Missing $ inserted.
<inserted text> 
                $
l.135 
      
I've inserted a begin-math/end-math symbol since I think
you left one out. Proceed, with fingers crossed.

/Users/rynon/Documents/GitHub/SensorModeling/info/binding_behavior.tex:142: Missing $ inserted.
<inserted text> 
                $
l.142 where (N_
               A) is Avogadro's constant,
I've inserted a begin-math/end-math symbol since I think
you left one out. Proceed, with fingers crossed.

/Users/rynon/Documents/GitHub/SensorModeling/info/binding_behavior.tex:143: Missing $ inserted.
<inserted text> 
                $
l.143 
      
I've inserted a begin-math/end-math symbol since I think
you left one out. Proceed, with fingers crossed.

[2]
/Users/rynon/Documents/GitHub/SensorModeling/info/binding_behavior.tex:161: Undefined control sequence.
<argument> \molar 
                  
l.161 \si{\molar}
                 .
The control sequence at the end of the top line
of your error message was never \def'ed. If you have
misspelled it (e.g., `\hobx'), type `I' and the correct
spelling (e.g., `I\hbox'). Otherwise just continue,
and I'll forget about whatever was undefined.

/Users/rynon/Documents/GitHub/SensorModeling/info/binding_behavior.tex:161: Undefined control sequence.
<argument> \molar 
                  
l.161 \si{\molar}
                 .
The control sequence at the end of the top line
of your error message was never \def'ed. If you have
misspelled it (e.g., `\hobx'), type `I' and the correct
spelling (e.g., `I\hbox'). Otherwise just continue,
and I'll forget about whatever was undefined.

/Users/rynon/Documents/GitHub/SensorModeling/info/binding_behavior.tex:175: Missing $ inserted.
<inserted text> 
                $
l.175 The quantity (\lambda
                           _{\mathrm{on},1}) has units of inverse time.
I've inserted a begin-math/end-math symbol since I think
you left one out. Proceed, with fingers crossed.

/Users/rynon/Documents/GitHub/SensorModeling/info/binding_behavior.tex:176: Missing $ inserted.
<inserted text> 
                $
l.176 
      
I've inserted a begin-math/end-math symbol since I think
you left one out. Proceed, with fingers crossed.

/Users/rynon/Documents/GitHub/SensorModeling/info/binding_behavior.tex:188: Missing $ inserted.
<inserted text> 
                $
l.188 For a Poisson process with hazard (\lambda
                                                ), the probability that at l...
I've inserted a begin-math/end-math symbol since I think
you left one out. Proceed, with fingers crossed.

/Users/rynon/Documents/GitHub/SensorModeling/info/binding_behavior.tex:189: Missing $ inserted.
<inserted text> 
                $
l.189 
      
I've inserted a begin-math/end-math symbol since I think
you left one out. Proceed, with fingers crossed.


Overfull \hbox (30.57529pt too wide) in paragraph at lines 188--189
[]\OT1/cmr/m/n/10.95 (-20) For a Pois-son pro-cess with haz-ard ($\OML/cmm/m/it/10.95 ^^U\OT1/cmr/m/n/10.95 (-20) )\OML/cmm/m/it/10.95 ; theprobabilitythatatleastoneeventoccursduringatimestep\OT1/cmr/m/n/10.95 (-20) (^^A\OML/cmm/m/it/10.95 t\OT1/cmr/m/n/10.95 (-20) )\OML/cmm/m/it/10.95 is$ 
 []

/Users/rynon/Documents/GitHub/SensorModeling/info/binding_behavior.tex:234: Missing $ inserted.
<inserted text> 
                $
l.234 For sufficiently small (\Lambda
                                     _{\mathrm{on}}),
I've inserted a begin-math/end-math symbol since I think
you left one out. Proceed, with fingers crossed.

/Users/rynon/Documents/GitHub/SensorModeling/info/binding_behavior.tex:235: Missing $ inserted.
<inserted text> 
                $
l.235 
      
I've inserted a begin-math/end-math symbol since I think
you left one out. Proceed, with fingers crossed.

[3]
/Users/rynon/Documents/GitHub/SensorModeling/info/binding_behavior.tex:330: Missing $ inserted.
<inserted text> 
                $
l.330 For sufficiently small (k_
                                {\mathrm{off}}\Delta t),
I've inserted a begin-math/end-math symbol since I think
you left one out. Proceed, with fingers crossed.

/Users/rynon/Documents/GitHub/SensorModeling/info/binding_behavior.tex:331: Missing $ inserted.
<inserted text> 
                $
l.331 
      
I've inserted a begin-math/end-math symbol since I think
you left one out. Proceed, with fingers crossed.

[4]
Overfull \hbox (148.03023pt too wide) detected at line 411
[]
 []

[5]
/Users/rynon/Documents/GitHub/SensorModeling/info/binding_behavior.tex:443: Missing $ inserted.
<inserted text> 
                $
l.443 For sufficiently small (\Delta
                                     t), the difference between alternative ...
I've inserted a begin-math/end-math symbol since I think
you left one out. Proceed, with fingers crossed.

/Users/rynon/Documents/GitHub/SensorModeling/info/binding_behavior.tex:444: Missing $ inserted.
<inserted text> 
                $
l.444 
      
I've inserted a begin-math/end-math symbol since I think
you left one out. Proceed, with fingers crossed.


Overfull \hbox (526.56734pt too wide) in paragraph at lines 443--444
[]\OT1/cmr/m/n/10.95 (-20) For suf-fi-ciently small ($^^A\OML/cmm/m/it/10.95 t\OT1/cmr/m/n/10.95 (-20) )\OML/cmm/m/it/10.95 ; thedifferencebetweenalternativeeventorderingsbecomessmall:Atlargertimesteps; orderingcaninfluencethemeasuredkineticsandshouldbeconsideredpartofthemodeldefinition:$ 
 []

[6]
/Users/rynon/Documents/GitHub/SensorModeling/info/binding_behavior.tex:504: Missing $ inserted.
<inserted text> 
                $
l.504 For an initial occupancy (\theta
                                      _0), the transient solution is
I've inserted a begin-math/end-math symbol since I think
you left one out. Proceed, with fingers crossed.

/Users/rynon/Documents/GitHub/SensorModeling/info/binding_behavior.tex:505: Missing $ inserted.
<inserted text> 
                $
l.505 
      
I've inserted a begin-math/end-math symbol since I think
you left one out. Proceed, with fingers crossed.

/Users/rynon/Documents/GitHub/SensorModeling/info/binding_behavior.tex:531: Missing $ inserted.
<inserted text> 
                $
l.531 ...e limited by diffusion rather than by (k_
                                                  {\mathrm{on}}) alone.
I've inserted a begin-math/end-math symbol since I think
you left one out. Proceed, with fingers crossed.

/Users/rynon/Documents/GitHub/SensorModeling/info/binding_behavior.tex:532: Missing $ inserted.
<inserted text> 
                $
l.532 
      
I've inserted a begin-math/end-math symbol since I think
you left one out. Proceed, with fingers crossed.

[7]
/Users/rynon/Documents/GitHub/SensorModeling/info/binding_behavior.tex:599: Missing $ inserted.
<inserted text> 
                $
l.599 ...ine the microscopic representation of (k_
                                                  {\mathrm{on}}).
I've inserted a begin-math/end-math symbol since I think
you left one out. Proceed, with fingers crossed.

/Users/rynon/Documents/GitHub/SensorModeling/info/binding_behavior.tex:600: Missing $ inserted.
<inserted text> 
                $
l.600 
      
I've inserted a begin-math/end-math symbol since I think
you left one out. Proceed, with fingers crossed.

[8]

LaTeX Warning: Reference `tab:probabilities' on page 9 undefined on input line 651.

/Users/rynon/Documents/GitHub/SensorModeling/info/binding_behavior.tex:660: Misplaced \noalign.
\midrule ->\noalign 
                    {\ifnum 0=`}\fi \@aboverulesep =\aboverulesep \global \@...
l.660 \midrule
              
I expect to see \noalign only after the \cr of
an alignment. Proceed, and I'll ignore this case.

/Users/rynon/Documents/GitHub/SensorModeling/info/binding_behavior.tex:661: Missing } inserted.
<inserted text> 
                }
l.661 O
       ne target, one receptor
I've inserted something that you may have forgotten.
(See the <inserted text> above.)
With luck, this will get me unwedged. But if you
really didn't forget anything, try typing `2' now; then
my insertion and my current dilemma will both disappear.

/Users/rynon/Documents/GitHub/SensorModeling/info/binding_behavior.tex:661: Missing \endgroup inserted.
<inserted text> 
                \endgroup 
l.661 O
       ne target, one receptor
I've inserted something that you may have forgotten.
(See the <inserted text> above.)
With luck, this will get me unwedged. But if you
really didn't forget anything, try typing `2' now; then
my insertion and my current dilemma will both disappear.

/Users/rynon/Documents/GitHub/SensorModeling/info/binding_behavior.tex:661: Missing } inserted.
<inserted text> 
                }
l.661 O
       ne target, one receptor
I've inserted something that you may have forgotten.
(See the <inserted text> above.)
With luck, this will get me unwedged. But if you
really didn't forget anything, try typing `2' now; then
my insertion and my current dilemma will both disappear.

/Users/rynon/Documents/GitHub/SensorModeling/info/binding_behavior.tex:661: Missing \cr inserted.
<inserted text> 
                \cr 
l.661 O
       ne target, one receptor
I'm guessing that you meant to end an alignment here.

/Users/rynon/Documents/GitHub/SensorModeling/info/binding_behavior.tex:661: Missing } inserted.
<inserted text> 
                }
l.661 O
       ne target, one receptor
I've inserted something that you may have forgotten.
(See the <inserted text> above.)
With luck, this will get me unwedged. But if you
really didn't forget anything, try typing `2' now; then
my insertion and my current dilemma will both disappear.

/Users/rynon/Documents/GitHub/SensorModeling/info/binding_behavior.tex:661: Missing \cr inserted.
<inserted text> 
                \cr 
l.661 O
       ne target, one receptor
I'm guessing that you meant to end an alignment here.

/Users/rynon/Documents/GitHub/SensorModeling/info/binding_behavior.tex:661: Misplaced \cr.
<inserted text> \cr 
                    
l.661 O
       ne target, one receptor
I can't figure out why you would want to use a tab mark
or \cr or \span just now. If something like a right brace
up above has ended a previous alignment prematurely,
you're probably due for more error messages, and you
might try typing `S' now just to see what is salvageable.

/Users/rynon/Documents/GitHub/SensorModeling/info/binding_behavior.tex:661: Missing \cr inserted.
<inserted text> 
                \cr 
l.661 O
       ne target, one receptor
I'm guessing that you meant to end an alignment here.

/Users/rynon/Documents/GitHub/SensorModeling/info/binding_behavior.tex:661: Misplaced \cr.
<inserted text> \cr 
                    
l.661 O
       ne target, one receptor
I can't figure out why you would want to use a tab mark
or \cr or \span just now. If something like a right brace
up above has ended a previous alignment prematurely,
you're probably due for more error messages, and you
might try typing `S' now just to see what is salvageable.

/Users/rynon/Documents/GitHub/SensorModeling/info/binding_behavior.tex:661: Missing \cr inserted.
<inserted text> 
                \cr 
l.661 O
       ne target, one receptor
I'm guessing that you meant to end an alignment here.

/Users/rynon/Documents/GitHub/SensorModeling/info/binding_behavior.tex:661: Misplaced \cr.
<inserted text> \cr 
                    
l.661 O
       ne target, one receptor
I can't figure out why you would want to use a tab mark
or \cr or \span just now. If something like a right brace
up above has ended a previous alignment prematurely,
you're probably due for more error messages, and you
might try typing `S' now just to see what is salvageable.

/Users/rynon/Documents/GitHub/SensorModeling/info/binding_behavior.tex:661: Missing \cr inserted.
<inserted text> 
                \cr 
l.661 O
       ne target, one receptor
I'm guessing that you meant to end an alignment here.

/Users/rynon/Documents/GitHub/SensorModeling/info/binding_behavior.tex:661: Misplaced \cr.
<inserted text> \cr 
                    
l.661 O
       ne target, one receptor
I can't figure out why you would want to use a tab mark
or \cr or \span just now. If something like a right brace
up above has ended a previous alignment prematurely,
you're probably due for more error messages, and you
might try typing `S' now just to see what is salvageable.

/Users/rynon/Documents/GitHub/SensorModeling/info/binding_behavior.tex:661: Missing \cr inserted.
<inserted text> 
                \cr 
l.661 O
       ne target, one receptor
I'm guessing that you meant to end an alignment here.

/Users/rynon/Documents/GitHub/SensorModeling/info/binding_behavior.tex:661: Misplaced \cr.
<inserted text> \cr 
                    
l.661 O
       ne target, one receptor
I can't figure out why you would want to use a tab mark
or \cr or \span just now. If something like a right brace
up above has ended a previous alignment prematurely,
you're probably due for more error messages, and you
might try typing `S' now just to see what is salvageable.

/Users/rynon/Documents/GitHub/SensorModeling/info/binding_behavior.tex:661: Missing \cr inserted.
<inserted text> 
                \cr 
l.661 O
       ne target, one receptor
I'm guessing that you meant to end an alignment here.

/Users/rynon/Documents/GitHub/SensorModeling/info/binding_behavior.tex:661: Misplaced \cr.
<inserted text> \cr 
                    
l.661 O
       ne target, one receptor
I can't figure out why you would want to use a tab mark
or \cr or \span just now. If something like a right brace
up above has ended a previous alignment prematurely,
you're probably due for more error messages, and you
might try typing `S' now just to see what is salvageable.

/Users/rynon/Documents/GitHub/SensorModeling/info/binding_behavior.tex:661: Missing \cr inserted.
<inserted text> 
                \cr 
l.661 O
       ne target, one receptor
I'm guessing that you meant to end an alignment here.

/Users/rynon/Documents/GitHub/SensorModeling/info/binding_behavior.tex:661: Misplaced \cr.
<inserted text> \cr 
                    
l.661 O
       ne target, one receptor
I can't figure out why you would want to use a tab mark
or \cr or \span just now. If something like a right brace
up above has ended a previous alignment prematurely,
you're probably due for more error messages, and you
might try typing `S' now just to see what is salvageable.

/Users/rynon/Documents/GitHub/SensorModeling/info/binding_behavior.tex:661: Missing \cr inserted.
<inserted text> 
                \cr 
l.661 O
       ne target, one receptor
I'm guessing that you meant to end an alignment here.

/Users/rynon/Documents/GitHub/SensorModeling/info/binding_behavior.tex:661: Misplaced \cr.
<inserted text> \cr 
                    
l.661 O
       ne target, one receptor
I can't figure out why you would want to use a tab mark
or \cr or \span just now. If something like a right brace
up above has ended a previous alignment prematurely,
you're probably due for more error messages, and you
might try typing `S' now just to see what is salvageable.

/Users/rynon/Documents/GitHub/SensorModeling/info/binding_behavior.tex:661: Missing \cr inserted.
<inserted text> 
                \cr 
l.661 O
       ne target, one receptor
I'm guessing that you meant to end an alignment here.

/Users/rynon/Documents/GitHub/SensorModeling/info/binding_behavior.tex:661: Misplaced \cr.
<inserted text> \cr 
                    
l.661 O
       ne target, one receptor
I can't figure out why you would want to use a tab mark
or \cr or \span just now. If something like a right brace
up above has ended a previous alignment prematurely,
you're probably due for more error messages, and you
might try typing `S' now just to see what is salvageable.

/Users/rynon/Documents/GitHub/SensorModeling/info/binding_behavior.tex:661: Missing \cr inserted.
<inserted text> 
                \cr 
l.661 O
       ne target, one receptor
I'm guessing that you meant to end an alignment here.

/Users/rynon/Documents/GitHub/SensorModeling/info/binding_behavior.tex:661: Misplaced \cr.
<inserted text> \cr 
                    
l.661 O
       ne target, one receptor
I can't figure out why you would want to use a tab mark
or \cr or \span just now. If something like a right brace
up above has ended a previous alignment prematurely,
you're probably due for more error messages, and you
might try typing `S' now just to see what is salvageable.

/Users/rynon/Documents/GitHub/SensorModeling/info/binding_behavior.tex:661: Missing \cr inserted.
<inserted text> 
                \cr 
l.661 O
       ne target, one receptor
I'm guessing that you meant to end an alignment here.

/Users/rynon/Documents/GitHub/SensorModeling/info/binding_behavior.tex:661: Misplaced \cr.
<inserted text> \cr 
                    
l.661 O
       ne target, one receptor
I can't figure out why you would want to use a tab mark
or \cr or \span just now. If something like a right brace
up above has ended a previous alignment prematurely,
you're probably due for more error messages, and you
might try typing `S' now just to see what is salvageable.

/Users/rynon/Documents/GitHub/SensorModeling/info/binding_behavior.tex:661: Missing \cr inserted.
<inserted text> 
                \cr 
l.661 O
       ne target, one receptor
I'm guessing that you meant to end an alignment here.

/Users/rynon/Documents/GitHub/SensorModeling/info/binding_behavior.tex:661: Misplaced \cr.
<inserted text> \cr 
                    
l.661 O
       ne target, one receptor
I can't figure out why you would want to use a tab mark
or \cr or \span just now. If something like a right brace
up above has ended a previous alignment prematurely,
you're probably due for more error messages, and you
might try typing `S' now just to see what is salvageable.

/Users/rynon/Documents/GitHub/SensorModeling/info/binding_behavior.tex:661: Missing \cr inserted.
<inserted text> 
                \cr 
l.661 O
       ne target, one receptor
I'm guessing that you meant to end an alignment here.

/Users/rynon/Documents/GitHub/SensorModeling/info/binding_behavior.tex:661: Misplaced \cr.
<inserted text> \cr 
                    
l.661 O
       ne target, one receptor
I can't figure out why you would want to use a tab mark
or \cr or \span just now. If something like a right brace
up above has ended a previous alignment prematurely,
you're probably due for more error messages, and you
might try typing `S' now just to see what is salvageable.

/Users/rynon/Documents/GitHub/SensorModeling/info/binding_behavior.tex:661: Missing \cr inserted.
<inserted text> 
                \cr 
l.661 O
       ne target, one receptor
I'm guessing that you meant to end an alignment here.

/Users/rynon/Documents/GitHub/SensorModeling/info/binding_behavior.tex:661: Misplaced \cr.
<inserted text> \cr 
                    
l.661 O
       ne target, one receptor
I can't figure out why you would want to use a tab mark
or \cr or \span just now. If something like a right brace
up above has ended a previous alignment prematurely,
you're probably due for more error messages, and you
might try typing `S' now just to see what is salvageable.

/Users/rynon/Documents/GitHub/SensorModeling/info/binding_behavior.tex:661: Missing \cr inserted.
<inserted text> 
                \cr 
l.661 O
       ne target, one receptor
I'm guessing that you meant to end an alignment here.

/Users/rynon/Documents/GitHub/SensorModeling/info/binding_behavior.tex:661: Misplaced \cr.
<inserted text> \cr 
                    
l.661 O
       ne target, one receptor
I can't figure out why you would want to use a tab mark
or \cr or \span just now. If something like a right brace
up above has ended a previous alignment prematurely,
you're probably due for more error messages, and you
might try typing `S' now just to see what is salvageable.

/Users/rynon/Documents/GitHub/SensorModeling/info/binding_behavior.tex:661: Missing \cr inserted.
<inserted text> 
                \cr 
l.661 O
       ne target, one receptor
I'm guessing that you meant to end an alignment here.

/Users/rynon/Documents/GitHub/SensorModeling/info/binding_behavior.tex:661: Misplaced \cr.
<inserted text> \cr 
                    
l.661 O
       ne target, one receptor
I can't figure out why you would want to use a tab mark
or \cr or \span just now. If something like a right brace
up above has ended a previous alignment prematurely,
you're probably due for more error messages, and you
might try typing `S' now just to see what is salvageable.

/Users/rynon/Documents/GitHub/SensorModeling/info/binding_behavior.tex:661: Missing \cr inserted.
<inserted text> 
                \cr 
l.661 O
       ne target, one receptor
I'm guessing that you meant to end an alignment here.

/Users/rynon/Documents/GitHub/SensorModeling/info/binding_behavior.tex:661: Misplaced \cr.
<inserted text> \cr 
                    
l.661 O
       ne target, one receptor
I can't figure out why you would want to use a tab mark
or \cr or \span just now. If something like a right brace
up above has ended a previous alignment prematurely,
you're probably due for more error messages, and you
might try typing `S' now just to see what is salvageable.

/Users/rynon/Documents/GitHub/SensorModeling/info/binding_behavior.tex:661: Missing \cr inserted.
<inserted text> 
                \cr 
l.661 O
       ne target, one receptor
I'm guessing that you meant to end an alignment here.

/Users/rynon/Documents/GitHub/SensorModeling/info/binding_behavior.tex:661: Misplaced \cr.
<inserted text> \cr 
                    
l.661 O
       ne target, one receptor
I can't figure out why you would want to use a tab mark
or \cr or \span just now. If something like a right brace
up above has ended a previous alignment prematurely,
you're probably due for more error messages, and you
might try typing `S' now just to see what is salvageable.

/Users/rynon/Documents/GitHub/SensorModeling/info/binding_behavior.tex:661: Missing \cr inserted.
<inserted text> 
                \cr 
l.661 O
       ne target, one receptor
I'm guessing that you meant to end an alignment here.

/Users/rynon/Documents/GitHub/SensorModeling/info/binding_behavior.tex:661: Misplaced \cr.
<inserted text> \cr 
                    
l.661 O
       ne target, one receptor
I can't figure out why you would want to use a tab mark
or \cr or \span just now. If something like a right brace
up above has ended a previous alignment prematurely,
you're probably due for more error messages, and you
might try typing `S' now just to see what is salvageable.

/Users/rynon/Documents/GitHub/SensorModeling/info/binding_behavior.tex:661: Missing \cr inserted.
<inserted text> 
                \cr 
l.661 O
       ne target, one receptor
I'm guessing that you meant to end an alignment here.

/Users/rynon/Documents/GitHub/SensorModeling/info/binding_behavior.tex:661: Misplaced \cr.
<inserted text> \cr 
                    
l.661 O
       ne target, one receptor
I can't figure out why you would want to use a tab mark
or \cr or \span just now. If something like a right brace
up above has ended a previous alignment prematurely,
you're probably due for more error messages, and you
might try typing `S' now just to see what is salvageable.

/Users/rynon/Documents/GitHub/SensorModeling/info/binding_behavior.tex:661: Missing \cr inserted.
<inserted text> 
                \cr 
l.661 O
       ne target, one receptor
I'm guessing that you meant to end an alignment here.

/Users/rynon/Documents/GitHub/SensorModeling/info/binding_behavior.tex:661: Misplaced \cr.
<inserted text> \cr 
                    
l.661 O
       ne target, one receptor
I can't figure out why you would want to use a tab mark
or \cr or \span just now. If something like a right brace
up above has ended a previous alignment prematurely,
you're probably due for more error messages, and you
might try typing `S' now just to see what is salvageable.

/Users/rynon/Documents/GitHub/SensorModeling/info/binding_behavior.tex:661: Missing \cr inserted.
<inserted text> 
                \cr 
l.661 O
       ne target, one receptor
I'm guessing that you meant to end an alignment here.

/Users/rynon/Documents/GitHub/SensorModeling/info/binding_behavior.tex:661: Misplaced \cr.
<inserted text> \cr 
                    
l.661 O
       ne target, one receptor
I can't figure out why you would want to use a tab mark
or \cr or \span just now. If something like a right brace
up above has ended a previous alignment prematurely,
you're probably due for more error messages, and you
might try typing `S' now just to see what is salvageable.

/Users/rynon/Documents/GitHub/SensorModeling/info/binding_behavior.tex:661: Missing \cr inserted.
<inserted text> 
                \cr 
l.661 O
       ne target, one receptor
I'm guessing that you meant to end an alignment here.

/Users/rynon/Documents/GitHub/SensorModeling/info/binding_behavior.tex:661: Misplaced \cr.
<inserted text> \cr 
                    
l.661 O
       ne target, one receptor
I can't figure out why you would want to use a tab mark
or \cr or \span just now. If something like a right brace
up above has ended a previous alignment prematurely,
you're probably due for more error messages, and you
might try typing `S' now just to see what is salvageable.

/Users/rynon/Documents/GitHub/SensorModeling/info/binding_behavior.tex:661: Missing \cr inserted.
<inserted text> 
                \cr 
l.661 O
       ne target, one receptor
I'm guessing that you meant to end an alignment here.

/Users/rynon/Documents/GitHub/SensorModeling/info/binding_behavior.tex:661: Misplaced \cr.
<inserted text> \cr 
                    
l.661 O
       ne target, one receptor
I can't figure out why you would want to use a tab mark
or \cr or \span just now. If something like a right brace
up above has ended a previous alignment prematurely,
you're probably due for more error messages, and you
might try typing `S' now just to see what is salvageable.

/Users/rynon/Documents/GitHub/SensorModeling/info/binding_behavior.tex:661: Missing \cr inserted.
<inserted text> 
                \cr 
l.661 O
       ne target, one receptor
I'm guessing that you meant to end an alignment here.

/Users/rynon/Documents/GitHub/SensorModeling/info/binding_behavior.tex:661: Misplaced \cr.
<inserted text> \cr 
                    
l.661 O
       ne target, one receptor
I can't figure out why you would want to use a tab mark
or \cr or \span just now. If something like a right brace
up above has ended a previous alignment prematurely,
you're probably due for more error messages, and you
might try typing `S' now just to see what is salvageable.

/Users/rynon/Documents/GitHub/SensorModeling/info/binding_behavior.tex:661: Missing \cr inserted.
<inserted text> 
                \cr 
l.661 O
       ne target, one receptor
I'm guessing that you meant to end an alignment here.

/Users/rynon/Documents/GitHub/SensorModeling/info/binding_behavior.tex:661: Misplaced \cr.
<inserted text> \cr 
                    
l.661 O
       ne target, one receptor
I can't figure out why you would want to use a tab mark
or \cr or \span just now. If something like a right brace
up above has ended a previous alignment prematurely,
you're probably due for more error messages, and you
might try typing `S' now just to see what is salvageable.

/Users/rynon/Documents/GitHub/SensorModeling/info/binding_behavior.tex:661: Missing \cr inserted.
<inserted text> 
                \cr 
l.661 O
       ne target, one receptor
I'm guessing that you meant to end an alignment here.

/Users/rynon/Documents/GitHub/SensorModeling/info/binding_behavior.tex:661: Misplaced \cr.
<inserted text> \cr 
                    
l.661 O
       ne target, one receptor
I can't figure out why you would want to use a tab mark
or \cr or \span just now. If something like a right brace
up above has ended a previous alignment prematurely,
you're probably due for more error messages, and you
might try typing `S' now just to see what is salvageable.

/Users/rynon/Documents/GitHub/SensorModeling/info/binding_behavior.tex:661: Missing \cr inserted.
<inserted text> 
                \cr 
l.661 O
       ne target, one receptor
I'm guessing that you meant to end an alignment here.

/Users/rynon/Documents/GitHub/SensorModeling/info/binding_behavior.tex:661: Misplaced \cr.
<inserted text> \cr 
                    
l.661 O
       ne target, one receptor
I can't figure out why you would want to use a tab mark
or \cr or \span just now. If something like a right brace
up above has ended a previous alignment prematurely,
you're probably due for more error messages, and you
might try typing `S' now just to see what is salvageable.

/Users/rynon/Documents/GitHub/SensorModeling/info/binding_behavior.tex:661: Missing \cr inserted.
<inserted text> 
                \cr 
l.661 O
       ne target, one receptor
I'm guessing that you meant to end an alignment here.

/Users/rynon/Documents/GitHub/SensorModeling/info/binding_behavior.tex:661: Misplaced \cr.
<inserted text> \cr 
                    
l.661 O
       ne target, one receptor
I can't figure out why you would want to use a tab mark
or \cr or \span just now. If something like a right brace
up above has ended a previous alignment prematurely,
you're probably due for more error messages, and you
might try typing `S' now just to see what is salvageable.

/Users/rynon/Documents/GitHub/SensorModeling/info/binding_behavior.tex:661: Missing \cr inserted.
<inserted text> 
                \cr 
l.661 O
       ne target, one receptor
I'm guessing that you meant to end an alignment here.

/Users/rynon/Documents/GitHub/SensorModeling/info/binding_behavior.tex:661: Misplaced \cr.
<inserted text> \cr 
                    
l.661 O
       ne target, one receptor
I can't figure out why you would want to use a tab mark
or \cr or \span just now. If something like a right brace
up above has ended a previous alignment prematurely,
you're probably due for more error messages, and you
might try typing `S' now just to see what is salvageable.

/Users/rynon/Documents/GitHub/SensorModeling/info/binding_behavior.tex:661: Missing \cr inserted.
<inserted text> 
                \cr 
l.661 O
       ne target, one receptor
I'm guessing that you meant to end an alignment here.

/Users/rynon/Documents/GitHub/SensorModeling/info/binding_behavior.tex:661: Misplaced \cr.
<inserted text> \cr 
                    
l.661 O
       ne target, one receptor
I can't figure out why you would want to use a tab mark
or \cr or \span just now. If something like a right brace
up above has ended a previous alignment prematurely,
you're probably due for more error messages, and you
might try typing `S' now just to see what is salvageable.

/Users/rynon/Documents/GitHub/SensorModeling/info/binding_behavior.tex:661: Missing \cr inserted.
<inserted text> 
                \cr 
l.661 O
       ne target, one receptor
I'm guessing that you meant to end an alignment here.

/Users/rynon/Documents/GitHub/SensorModeling/info/binding_behavior.tex:661: Misplaced \cr.
<inserted text> \cr 
                    
l.661 O
       ne target, one receptor
I can't figure out why you would want to use a tab mark
or \cr or \span just now. If something like a right brace
up above has ended a previous alignment prematurely,
you're probably due for more error messages, and you
might try typing `S' now just to see what is salvageable.

/Users/rynon/Documents/GitHub/SensorModeling/info/binding_behavior.tex:661: Missing \cr inserted.
<inserted text> 
                \cr 
l.661 O
       ne target, one receptor
I'm guessing that you meant to end an alignment here.

/Users/rynon/Documents/GitHub/SensorModeling/info/binding_behavior.tex:661: Misplaced \cr.
<inserted text> \cr 
                    
l.661 O
       ne target, one receptor
I can't figure out why you would want to use a tab mark
or \cr or \span just now. If something like a right brace
up above has ended a previous alignment prematurely,
you're probably due for more error messages, and you
might try typing `S' now just to see what is salvageable.

/Users/rynon/Documents/GitHub/SensorModeling/info/binding_behavior.tex:661: Missing \cr inserted.
<inserted text> 
                \cr 
l.661 O
       ne target, one receptor
I'm guessing that you meant to end an alignment here.

/Users/rynon/Documents/GitHub/SensorModeling/info/binding_behavior.tex:661: Misplaced \cr.
<inserted text> \cr 
                    
l.661 O
       ne target, one receptor
I can't figure out why you would want to use a tab mark
or \cr or \span just now. If something like a right brace
up above has ended a previous alignment prematurely,
you're probably due for more error messages, and you
might try typing `S' now just to see what is salvageable.

/Users/rynon/Documents/GitHub/SensorModeling/info/binding_behavior.tex:661: Missing \cr inserted.
<inserted text> 
                \cr 
l.661 O
       ne target, one receptor
I'm guessing that you meant to end an alignment here.

/Users/rynon/Documents/GitHub/SensorModeling/info/binding_behavior.tex:661: Misplaced \cr.
<inserted text> \cr 
                    
l.661 O
       ne target, one receptor
I can't figure out why you would want to use a tab mark
or \cr or \span just now. If something like a right brace
up above has ended a previous alignment prematurely,
you're probably due for more error messages, and you
might try typing `S' now just to see what is salvageable.

/Users/rynon/Documents/GitHub/SensorModeling/info/binding_behavior.tex:661: Missing \cr inserted.
<inserted text> 
                \cr 
l.661 O
       ne target, one receptor
I'm guessing that you meant to end an alignment here.

/Users/rynon/Documents/GitHub/SensorModeling/info/binding_behavior.tex:661: Misplaced \cr.
<inserted text> \cr 
                    
l.661 O
       ne target, one receptor
I can't figure out why you would want to use a tab mark
or \cr or \span just now. If something like a right brace
up above has ended a previous alignment prematurely,
you're probably due for more error messages, and you
might try typing `S' now just to see what is salvageable.

/Users/rynon/Documents/GitHub/SensorModeling/info/binding_behavior.tex:661: Missing \cr inserted.
<inserted text> 
                \cr 
l.661 O
       ne target, one receptor
I'm guessing that you meant to end an alignment here.

/Users/rynon/Documents/GitHub/SensorModeling/info/binding_behavior.tex:661: Misplaced \cr.
<inserted text> \cr 
                    
l.661 O
       ne target, one receptor
I can't figure out why you would want to use a tab mark
or \cr or \span just now. If something like a right brace
up above has ended a previous alignment prematurely,
you're probably due for more error messages, and you
might try typing `S' now just to see what is salvageable.

/Users/rynon/Documents/GitHub/SensorModeling/info/binding_behavior.tex:661: Missing \cr inserted.
<inserted text> 
                \cr 
l.661 O
       ne target, one receptor
I'm guessing that you meant to end an alignment here.

/Users/rynon/Documents/GitHub/SensorModeling/info/binding_behavior.tex:661: Misplaced \cr.
<inserted text> \cr 
                    
l.661 O
       ne target, one receptor
I can't figure out why you would want to use a tab mark
or \cr or \span just now. If something like a right brace
up above has ended a previous alignment prematurely,
you're probably due for more error messages, and you
might try typing `S' now just to see what is salvageable.

/Users/rynon/Documents/GitHub/SensorModeling/info/binding_behavior.tex:661: Missing \cr inserted.
<inserted text> 
                \cr 
l.661 O
       ne target, one receptor
I'm guessing that you meant to end an alignment here.

/Users/rynon/Documents/GitHub/SensorModeling/info/binding_behavior.tex:661: Misplaced \cr.
<inserted text> \cr 
                    
l.661 O
       ne target, one receptor
I can't figure out why you would want to use a tab mark
or \cr or \span just now. If something like a right brace
up above has ended a previous alignment prematurely,
you're probably due for more error messages, and you
might try typing `S' now just to see what is salvageable.

/Users/rynon/Documents/GitHub/SensorModeling/info/binding_behavior.tex:661: Missing \cr inserted.
<inserted text> 
                \cr 
l.661 O
       ne target, one receptor
I'm guessing that you meant to end an alignment here.

/Users/rynon/Documents/GitHub/SensorModeling/info/binding_behavior.tex:661: Misplaced \cr.
<inserted text> \cr 
                    
l.661 O
       ne target, one receptor
I can't figure out why you would want to use a tab mark
or \cr or \span just now. If something like a right brace
up above has ended a previous alignment prematurely,
you're probably due for more error messages, and you
might try typing `S' now just to see what is salvageable.

/Users/rynon/Documents/GitHub/SensorModeling/info/binding_behavior.tex:661: Missing \cr inserted.
<inserted text> 
                \cr 
l.661 O
       ne target, one receptor
I'm guessing that you meant to end an alignment here.

/Users/rynon/Documents/GitHub/SensorModeling/info/binding_behavior.tex:661: Misplaced \cr.
<inserted text> \cr 
                    
l.661 O
       ne target, one receptor
I can't figure out why you would want to use a tab mark
or \cr or \span just now. If something like a right brace
up above has ended a previous alignment prematurely,
you're probably due for more error messages, and you
might try typing `S' now just to see what is salvageable.

/Users/rynon/Documents/GitHub/SensorModeling/info/binding_behavior.tex:661: Missing \cr inserted.
<inserted text> 
                \cr 
l.661 O
       ne target, one receptor
I'm guessing that you meant to end an alignment here.

/Users/rynon/Documents/GitHub/SensorModeling/info/binding_behavior.tex:661: Misplaced \cr.
<inserted text> \cr 
                    
l.661 O
       ne target, one receptor
I can't figure out why you would want to use a tab mark
or \cr or \span just now. If something like a right brace
up above has ended a previous alignment prematurely,
you're probably due for more error messages, and you
might try typing `S' now just to see what is salvageable.

/Users/rynon/Documents/GitHub/SensorModeling/info/binding_behavior.tex:661: Missing \cr inserted.
<inserted text> 
                \cr 
l.661 O
       ne target, one receptor
I'm guessing that you meant to end an alignment here.

/Users/rynon/Documents/GitHub/SensorModeling/info/binding_behavior.tex:661: Misplaced \cr.
<inserted text> \cr 
                    
l.661 O
       ne target, one receptor
I can't figure out why you would want to use a tab mark
or \cr or \span just now. If something like a right brace
up above has ended a previous alignment prematurely,
you're probably due for more error messages, and you
might try typing `S' now just to see what is salvageable.

/Users/rynon/Documents/GitHub/SensorModeling/info/binding_behavior.tex:661: Missing \cr inserted.
<inserted text> 
                \cr 
l.661 O
       ne target, one receptor
I'm guessing that you meant to end an alignment here.

/Users/rynon/Documents/GitHub/SensorModeling/info/binding_behavior.tex:661: Misplaced \cr.
<inserted text> \cr 
                    
l.661 O
       ne target, one receptor
I can't figure out why you would want to use a tab mark
or \cr or \span just now. If something like a right brace
up above has ended a previous alignment prematurely,
you're probably due for more error messages, and you
might try typing `S' now just to see what is salvageable.

/Users/rynon/Documents/GitHub/SensorModeling/info/binding_behavior.tex:661: Missing \cr inserted.
<inserted text> 
                \cr 
l.661 O
       ne target, one receptor
I'm guessing that you meant to end an alignment here.

/Users/rynon/Documents/GitHub/SensorModeling/info/binding_behavior.tex:661: Misplaced \cr.
<inserted text> \cr 
                    
l.661 O
       ne target, one receptor
I can't figure out why you would want to use a tab mark
or \cr or \span just now. If something like a right brace
up above has ended a previous alignment prematurely,
you're probably due for more error messages, and you
might try typing `S' now just to see what is salvageable.

/Users/rynon/Documents/GitHub/SensorModeling/info/binding_behavior.tex:661: Missing \cr inserted.
<inserted text> 
                \cr 
l.661 O
       ne target, one receptor
I'm guessing that you meant to end an alignment here.

/Users/rynon/Documents/GitHub/SensorModeling/info/binding_behavior.tex:661: Misplaced \cr.
<inserted text> \cr 
                    
l.661 O
       ne target, one receptor
I can't figure out why you would want to use a tab mark
or \cr or \span just now. If something like a right brace
up above has ended a previous alignment prematurely,
you're probably due for more error messages, and you
might try typing `S' now just to see what is salvageable.

/Users/rynon/Documents/GitHub/SensorModeling/info/binding_behavior.tex:661: Missing \cr inserted.
<inserted text> 
                \cr 
l.661 O
       ne target, one receptor
I'm guessing that you meant to end an alignment here.

/Users/rynon/Documents/GitHub/SensorModeling/info/binding_behavior.tex:661: Misplaced \cr.
<inserted text> \cr 
                    
l.661 O
       ne target, one receptor
(That makes 100 errors; please try again.) 
Here is how much of TeX's memory you used:
 16024 strings out of 467525
 307727 string characters out of 5418982
 731254 words of memory out of 5000000
 44632 multiletter control sequences out of 15000+600000
 640636 words of font info for 119 fonts, out of 8000000 for 9000
 1141 hyphenation exceptions out of 8191
 75i,10n,80p,1063b,1049s stack positions out of 10000i,1000n,20000p,200000b,200000s

/Users/rynon/Documents/GitHub/SensorModeling/info/binding_behavior.tex:661:  ==> Fatal error occurred, no output PDF file produced!
